[www.mischunches.com/index.html]
[backblue.gif]
[fade.gif]
[index.html]
[stackpath.bootstrapcdn.com/bootstrap/4.2.1/css/bootstrap.min.css]
[www.share.sitiosweb-costarica.com/img/favicon/apple-icon-57x57.png]
[www.share.sitiosweb-costarica.com/img/favicon/apple-icon-60x60.png]
[www.share.sitiosweb-costarica.com/img/favicon/apple-icon-72x72.png]
[www.share.sitiosweb-costarica.com/img/favicon/apple-icon-76x76.png]
[www.share.sitiosweb-costarica.com/img/favicon/apple-icon-114x114.png]
[www.share.sitiosweb-costarica.com/img/favicon/apple-icon-120x120.png]
[www.share.sitiosweb-costarica.com/img/favicon/apple-icon-144x144.png]
[www.share.sitiosweb-costarica.com/img/favicon/apple-icon-152x152.png]
[www.share.sitiosweb-costarica.com/img/favicon/apple-icon-180x180.png]
[www.share.sitiosweb-costarica.com/img/favicon/android-icon-192x192.png]
[www.share.sitiosweb-costarica.com/img/favicon/favicon-32x32.png]
[www.share.sitiosweb-costarica.com/img/favicon/favicon-96x96.png]
[www.share.sitiosweb-costarica.com/img/favicon/favicon-16x16.png]
[www.share.sitiosweb-costarica.com/img/favicon/ms-icon-144x144.png]
[www.mischunches.com/sitemap.xml]
[www.share.sitiosweb-costarica.com/img/brand/mischunches-tagline.png]
[www.mischunches.com/en/index.html]
[www.mischunches.com/es/clientes/index.html]
[www.mischunches.com/es/diseno-sitios-web/index.html]
[www.share.sitiosweb-costarica.com/img/content/sitiosweb-moderno-mischunches.jpg]
[www.share.sitiosweb-costarica.com/img/content/sitiosweb-eficientes-mischunches.jpg]
[www.mischunches.com/es/empresa-diseno-web/index.html]
[www.mischunches.com/es/blog/index.html]
[www.mischunches.com/es/servicios-diseno-web/proceso-diseno-web/index.html]
[www.mischunches.com/es/contacto/index.html]
[www.share.sitiosweb-costarica.com/img/content/diseno-sitiosweb-mischunches.jpg]
[www.share.sitiosweb-costarica.com/img/websites/web-alternativa-ambiental.jpg]
[www.share.sitiosweb-costarica.com/img/websites/mobile-alternativa-ambiental.jpg]
[www.share.sitiosweb-costarica.com/img/content/feliz-sitio-web.png]
[www.share.sitiosweb-costarica.com/img/websites/monitor-apvportones.png]
[www.share.sitiosweb-costarica.com/img/clientes/logos/apvportones.png]
[www.share.sitiosweb-costarica.com/img/content/beneficios-sitio-web.jpg]
[www.share.sitiosweb-costarica.com/img/content/dominio.jpg]
[www.mischunches.com/es/diseno-sitios-web/plan-diseno-web-una-pagina/index.html]
[www.share.sitiosweb-costarica.com/img/content/pagina-inicio.jpg]
[www.share.sitiosweb-costarica.com/img/content/abogados.jpg]
[www.mischunches.com/es/diseno-sitios-web/plan-diseno-web-paquetico/index.html]
[www.share.sitiosweb-costarica.com/img/content/asociaciones-solidaristas.jpg]
[www.share.sitiosweb-costarica.com/img/content/pyme.jpg]
[www.mischunches.com/es/diseno-sitios-web/plan-diseno-web-arenal/index.html]
[www.share.sitiosweb-costarica.com/img/content/gtmetrix_logo.jpg]
[www.mischunches.com/es/diseno-sitios-web/plan-diseno-web-poas/index.html]
[www.share.sitiosweb-costarica.com/img/content/w3c.jpg]
[www.mischunches.com/es/blog/beneficios-de-un-sitio-web/index.html]
[www.share.sitiosweb-costarica.com/img/content/html5.jpg]
[www.share.sitiosweb-costarica.com/img/content/mobile-friendly.jpg]
[www.mischunches.com/es/blog/consejos-de-como-elegir-el-dominio-para-una-pagina-web/index.html]
[www.share.sitiosweb-costarica.com/img/brand/mischunches_favicon.png]
[www.mischunches.com/es/blog/elementos-importantes-de-la-pagina-de-inicio-de-un-sitio-web/index.html]
[www.mischunches.com/es/blog/diseno-de-sitios-web-para-abogados/index.html]
[code.jquery.com/jquery-3.3.1.min.js]
[www.mischunches.com/es/blog/diseno-de-sitios-web-para-asociaciones-solidaristas/index.html]
[cdnjs.cloudflare.com/ajax/libs/popper.js/1.14.6/umd/popper.min.js]
[www.mischunches.com/es/empresa-diseno-web/terminos-condiciones-uso/index.html]
[www.mischunches.com/es/blog/diseno-de-sitios-web-para-pymes-en-costa-rica/index.html]
[www.mischunches.com/es/servicios-diseno-web/index.html]
[www.mischunches.com/es/empresa-diseno-web/contratacion-servicios-diseno-web/index.html]
[stackpath.bootstrapcdn.com/bootstrap/4.2.1/js/bootstrap.min.js]
[www.mischunches.com/es/empresa-diseno-web/politica-privacidad/index.html]
[www.share.sitiosweb-costarica.com/js/wow.min.js]
[www.mischunches.com/index.html]
[stackpath.bootstrapcdn.com/bootstrap/4.2.1/css/bootstrap.min.css]
[www.share.sitiosweb-costarica.com/img/slides/hero-1-xxs.jpg]
[pro.fontawesome.com/releases/v5.5.0/js/all.js]
[www.share.sitiosweb-costarica.com/img/slides/wave-white.jpg]
[www.share.sitiosweb-costarica.com/img/slides/hero-1-sm.jpg]
[www.share.sitiosweb-costarica.com/img/slides/hero-1-md.jpg]
[www.share.sitiosweb-costarica.com/img/slides/hero-1-lg.jpg]
[www.share.sitiosweb-costarica.com/img/slides/hero-1-xl.jpg]
[www.share.sitiosweb-costarica.com/css/custom.min_v12.css]
[www.share.sitiosweb-costarica.com/img/websites/monitor-skyrobotix.png]
[www.share.sitiosweb-costarica.com/img/clientes/logos/skyrobotix.png]
[www.mischunches.com/en/index.html]
[www.mischunches.com/en/professional-web-design/index.html]
[www.mischunches.com/en/customers/index.html]
[www.mischunches.com/en/web-design-agency/index.html]
[www.mischunches.com/en/blog/index.html]
[www.mischunches.com/en/contact/index.html]
[www.mischunches.com/en/web-design-services/web-design-process/index.html]
[www.mischunches.com/en/professional-web-design/one-page-website-plan/index.html]
[www.share.sitiosweb-costarica.com/img/websites/monitor-wqg-ingenieria.png]
[www.mischunches.com/en/professional-web-design/paquetico-website-plan/index.html]
[www.mischunches.com/en/professional-web-design/arenal-website-plan/index.html]
[www.mischunches.com/en/professional-web-design/poas-website-plan/index.html]
[www.mischunches.com/en/web-design-agency/terms-of-use/index.html]
[www.mischunches.com/en/web-design-services/index.html]
[www.share.sitiosweb-costarica.com/img/websites/web-aseviant.jpg]
[www.mischunches.com/en/web-design-agency/privacy-policy/index.html]
[www.share.sitiosweb-costarica.com/img/clientes/logos/acl-cr.jpg]
[www.share.sitiosweb-costarica.com/img/clientes/logos/alternativaambiental.jpg]
[www.share.sitiosweb-costarica.com/img/clientes/logos/apvportones.jpg]
[www.share.sitiosweb-costarica.com/img/clientes/logos/aquamiacr.jpg]
[www.share.sitiosweb-costarica.com/img/clientes/logos/asesjm.jpg]
[www.share.sitiosweb-costarica.com/img/clientes/logos/aseviant.jpg]
[www.share.sitiosweb-costarica.com/img/clientes/logos/asociacionluzyvida.jpg]
[www.share.sitiosweb-costarica.com/img/clientes/logos/bufetesanchez.jpg]
[www.share.sitiosweb-costarica.com/img/clientes/logos/cafelaspenas.jpg]
[www.share.sitiosweb-costarica.com/img/clientes/logos/camalficr.jpg]
[www.share.sitiosweb-costarica.com/img/clientes/logos/centrolezahbi.jpg]
[www.share.sitiosweb-costarica.com/img/clientes/logos/cisacostarica.jpg]
[www.share.sitiosweb-costarica.com/img/clientes/logos/clubkamuk.jpg]
[www.share.sitiosweb-costarica.com/img/clientes/logos/comercial-zayton.jpg]
[www.share.sitiosweb-costarica.com/img/clientes/logos/concilioeva.jpg]
[www.share.sitiosweb-costarica.com/img/clientes/logos/cortinas-costarica.jpg]
[www.share.sitiosweb-costarica.com/img/clientes/logos/costaconcierges.jpg]
[www.share.sitiosweb-costarica.com/img/clientes/logos/costaricajadetours.jpg]
[www.share.sitiosweb-costarica.com/img/clientes/logos/enerxca.jpg]
[www.share.sitiosweb-costarica.com/img/clientes/logos/expoprefa.jpg]
[www.share.sitiosweb-costarica.com/img/clientes/logos/ghhealthgroup.jpg]
[www.share.sitiosweb-costarica.com/img/clientes/logos/ghrmedicalservice.jpg]
[www.share.sitiosweb-costarica.com/img/clientes/logos/grupomusicalweekend.jpg]
[www.share.sitiosweb-costarica.com/img/clientes/logos/hotel-la-punta.jpg]
[www.share.sitiosweb-costarica.com/img/clientes/logos/lavivienda.jpg]
[www.share.sitiosweb-costarica.com/img/clientes/logos/leonaguilar.jpg]
[www.share.sitiosweb-costarica.com/img/clientes/logos/maderasarco.jpg]
[www.share.sitiosweb-costarica.com/img/clientes/logos/mangasv1b.jpg]
[www.share.sitiosweb-costarica.com/img/clientes/logos/mensajeriaprecisa.jpg]
[www.share.sitiosweb-costarica.com/img/clientes/logos/miradorprendas.jpg]
[www.share.sitiosweb-costarica.com/img/clientes/logos/motisacr.jpg]
[www.share.sitiosweb-costarica.com/img/clientes/logos/oftalmologo-costarica.jpg]
[www.share.sitiosweb-costarica.com/img/clientes/logos/pinedapartnersdentallab.jpg]
[www.share.sitiosweb-costarica.com/img/clientes/logos/pinturasalmo.jpg]
[www.share.sitiosweb-costarica.com/img/clientes/logos/potenciaactivacr.jpg]
[www.share.sitiosweb-costarica.com/img/clientes/logos/rivasopstaele.jpg]
[www.share.sitiosweb-costarica.com/img/clientes/logos/robiisa.jpg]
[www.share.sitiosweb-costarica.com/img/clientes/logos/seyac.jpg]
[www.share.sitiosweb-costarica.com/img/clientes/logos/skyrobotix.jpg]
[www.share.sitiosweb-costarica.com/img/clientes/logos/solme.jpg]
[www.share.sitiosweb-costarica.com/img/clientes/logos/thinksauber.jpg]
[www.share.sitiosweb-costarica.com/img/clientes/logos/tropicalga.jpg]
[www.share.sitiosweb-costarica.com/img/clientes/logos/vqcmission.jpg]
[www.share.sitiosweb-costarica.com/img/clientes/logos/wqg-ingenieria.jpg]
[www.share.sitiosweb-costarica.com/img/clientes/acl-cr.jpg]
[www.share.sitiosweb-costarica.com/img/clientes/alternativaambiental.jpg]
[www.share.sitiosweb-costarica.com/img/clientes/apvportones.jpg]
[www.share.sitiosweb-costarica.com/img/clientes/aquamiacr.jpg]
[www.share.sitiosweb-costarica.com/img/clientes/asesjm.jpg]
[www.share.sitiosweb-costarica.com/img/clientes/aseviant.jpg]
[www.share.sitiosweb-costarica.com/img/clientes/asociacionluzyvida.jpg]
[www.share.sitiosweb-costarica.com/img/clientes/bufetesanchez.jpg]
[www.share.sitiosweb-costarica.com/img/clientes/cafelaspenas.jpg]
[www.share.sitiosweb-costarica.com/img/clientes/camalficr.jpg]
[www.share.sitiosweb-costarica.com/img/clientes/centrolezahbi.jpg]
[www.share.sitiosweb-costarica.com/img/clientes/cisacostarica.jpg]
[www.share.sitiosweb-costarica.com/img/clientes/clubkamuk.jpg]
[www.share.sitiosweb-costarica.com/img/clientes/comercial-zayton.jpg]
[www.share.sitiosweb-costarica.com/img/clientes/concilioeva.jpg]
[www.share.sitiosweb-costarica.com/img/clientes/cortinas-costarica.jpg]
[www.share.sitiosweb-costarica.com/img/clientes/costaconcierges.jpg]
[www.share.sitiosweb-costarica.com/img/clientes/costaricajadetours.jpg]
[www.share.sitiosweb-costarica.com/img/clientes/enerxca.jpg]
[www.share.sitiosweb-costarica.com/img/clientes/expoprefa.jpg]
[www.share.sitiosweb-costarica.com/img/clientes/ghhealthgroup.jpg]
[www.share.sitiosweb-costarica.com/img/clientes/ghrmedicalservice.jpg]
[www.share.sitiosweb-costarica.com/img/clientes/grupomusicalweekend.jpg]
[www.share.sitiosweb-costarica.com/img/clientes/hotel-la-punta.jpg]
[www.share.sitiosweb-costarica.com/img/clientes/lavivienda.jpg]
[www.share.sitiosweb-costarica.com/img/clientes/leonaguilar.jpg]
[www.share.sitiosweb-costarica.com/img/clientes/maderasarco.jpg]
[www.share.sitiosweb-costarica.com/img/clientes/mangasv1b.jpg]
[www.share.sitiosweb-costarica.com/img/clientes/mensajeriaprecisa.jpg]
[www.share.sitiosweb-costarica.com/img/clientes/miradorprendas.jpg]
[www.share.sitiosweb-costarica.com/img/clientes/motisacr.jpg]
[www.share.sitiosweb-costarica.com/img/clientes/oftalmologo-costarica.jpg]
[www.share.sitiosweb-costarica.com/img/clientes/pinedapartnersdentallab.jpg]
[www.share.sitiosweb-costarica.com/img/clientes/pinturasalmo.jpg]
[www.share.sitiosweb-costarica.com/img/clientes/potenciaactivacr.jpg]
[www.share.sitiosweb-costarica.com/img/clientes/rivasopstaele.jpg]
[www.share.sitiosweb-costarica.com/img/clientes/robiisa.jpg]
[www.share.sitiosweb-costarica.com/img/clientes/seyac.jpg]
[www.share.sitiosweb-costarica.com/img/clientes/skyrobotix.jpg]
[www.share.sitiosweb-costarica.com/img/clientes/solme.jpg]
[www.share.sitiosweb-costarica.com/img/clientes/thinksauber.jpg]
[www.share.sitiosweb-costarica.com/img/clientes/tropicalga.jpg]
[www.share.sitiosweb-costarica.com/img/clientes/vqcmission.jpg]
[www.share.sitiosweb-costarica.com/img/clientes/wqg-ingenieria.jpg]
[www.share.sitiosweb-costarica.com/js/preloader.js]
[www.mischunches.com/es/clientes/index.html]
[www.share.sitiosweb-costarica.com/img/websites/monitor-rivas-opstaele.png]
[www.share.sitiosweb-costarica.com/img/websites/web-costarica-jade-tours.jpg]
[www.share.sitiosweb-costarica.com/img/websites/web-skyrobotics.jpg]
[www.mischunches.com/es/diseno-sitios-web/index.html]
[www.mischunches.com/es/empresa-diseno-web/index.html]
[www.share.sitiosweb-costarica.com/img/websites/monitor-seyac.png]
[www.mischunches.com/es/blog/index.html]
[www.google.com/recaptcha/apide3a.js]
[www.share.sitiosweb-costarica.com/js/functions.js]
[www.share.sitiosweb-costarica.com/js/contactForm.min.js]
[www.mischunches.com/es/contacto/index.html]
[www.share.sitiosweb-costarica.com/img/websites/monitor-zayton.png]
[www.mischunches.com/es/servicios-diseno-web/proceso-diseno-web/index.html]
[www.share.sitiosweb-costarica.com/img/brand/logo-bncr.png]
[www.mischunches.com/es/contacto/mensajeEnviado/index.html]
[www.share.sitiosweb-costarica.com/img/brand/logo_bac.png]
[www.share.sitiosweb-costarica.com/img/brand/logo_scotiabank.png]
[www.share.sitiosweb-costarica.com/img/brand/logo_davivienda.png]
[www.share.sitiosweb-costarica.com/img/brand/logo_paypal.png]
[www.share.sitiosweb-costarica.com/js/countries.min.js]
[www.share.sitiosweb-costarica.com/includes/paquete/planes.min.js]
[www.mischunches.com/es/diseno-sitios-web/plan-diseno-web-una-pagina/index.html]
[www.mischunches.com/es/diseno-sitios-web/plan-diseno-web-paquetico/index.html]
[www.mischunches.com/es/diseno-sitios-web/plan-diseno-web-arenal/index.html]
[www.mischunches.com/es/diseno-sitios-web/plan-diseno-web-poas/index.html]
[www.share.sitiosweb-costarica.com/img/websites/monitor-alternativa-ambiental.png]
[www.mischunches.com/es/blog/beneficios-de-un-sitio-web/index.html]
[www.mischunches.com/es/diseno-sitios-web/gracias/index.html]
[www.share.sitiosweb-costarica.com/img/websites/monitor-leon-aguilar.png]
[www.mischunches.com/es/blog/consejos-de-como-elegir-el-dominio-para-una-pagina-web/index.html]
[www.share.sitiosweb-costarica.com/img/websites/monitor-hotel-la-punta.png]
[www.mischunches.com/es/blog/elementos-importantes-de-la-pagina-de-inicio-de-un-sitio-web/index.html]
[www.share.sitiosweb-costarica.com/img/websites/monitor-aseviant.png]
[www.mischunches.com/es/blog/diseno-de-sitios-web-para-abogados/index.html]
[www.mischunches.com/es/blog/diseno-de-sitios-web-para-asociaciones-solidaristas/index.html]
[www.mischunches.com/es/blog/diseno-de-sitios-web-para-pymes-en-costa-rica/index.html]
[www.share.sitiosweb-costarica.com/img/content/web-design.jpg]
[www.share.sitiosweb-costarica.com/img/content/responsive-web-design.jpg]
[www.share.sitiosweb-costarica.com/img/content/SEO.jpg]
[www.share.sitiosweb-costarica.com/img/content/chica-sonriente.png]
[www.mischunches.com/es/servicios-diseno-web/index.html]
[www.mischunches.com/es/empresa-diseno-web/terminos-condiciones-uso/index.html]
[www.mischunches.com/es/empresa-diseno-web/contratacion-servicios-diseno-web/index.html]
[www.mischunches.com/es/empresa-diseno-web/politica-privacidad/index.html]
[www.mischunches.com/es/index.html]
[www.mischunches.com/en/customers/index.html]
[www.mischunches.com/en/professional-web-design/index.html]
[www.mischunches.com/en/web-design-agency/index.html]
[www.mischunches.com/en/blog/index.html]
[www.google.com/recaptcha/apifef7.js]
[www.share.sitiosweb-costarica.com/img/websites/monitor-costaricajadetours.png]
[www.mischunches.com/en/contact/index.html]
[www.mischunches.com/en/professional-web-desig   n/index.html]
[www.mischunches.com/en/web-design-services/web-design-process/index.html]
[www.mischunches.com/en/professional-web-design/one-page-website-plan/index.html]
[www.mischunches.com/en/professional-web-design/paquetico-website-plan/index.html]
[www.mischunches.com/en/professional-web-design/arenal-website-plan/index.html]
[www.mischunches.com/en/professional-web-design/poas-website-plan/index.html]
[www.mischunches.com/en/contact/messageSent/index.html]
[www.mischunches.com/en/web-design-services/index.html]
[www.mischunches.com/en/web-design-agency/terms-of-use/index.html]
[www.mischunches.com/en/web-design-agency/privacy-policy/index.html]
[www.mischunches.com/es/contacto/mensajeEnviado/index.html]
[www.mischunches.com/en/professional-web-design/thankyou/index.html]
[www.mischunches.com/es/diseno-sitios-web/gracias/index.html]
[www.mischunches.com/en/contact/messageSent/index.html]
[www.mischunches.com/en/professional-web-design/thankyou/index.html]
[www.mischunches.com/es/diseno-sitios-web/gracias/DIR_WS_LINKes/blog/beneficios-de-un-sitio-web/index.html]
[www.mischunches.com/es/diseno-sitios-web/gracias/DIR_WS_IMGcontent/beneficios-sitio-web.html]
[www.mischunches.com/es/diseno-sitios-web/gracias/DIR_WS_LINKes/blog/consejos-de-como-elegir-el-dominio-para-una-pagina-web/index.html]
[www.mischunches.com/es/diseno-sitios-web/gracias/DIR_WS_IMGcontent/dominio.html]
[www.mischunches.com/es/diseno-sitios-web/gracias/DIR_WS_LINKes/blog/elementos-importantes-de-la-pagina-de-inicio-de-un-sitio-web/index.html]
[www.mischunches.com/es/diseno-sitios-web/gracias/DIR_WS_IMGcontent/pagina-inicio.html]
[www.mischunches.com/es/diseno-sitios-web/gracias/DIR_WS_LINKes/blog/diseno-de-sitios-web-para-abogados/index.html]
[www.mischunches.com/es/diseno-sitios-web/gracias/DIR_WS_IMGcontent/abogados.html]
[www.mischunches.com/es/diseno-sitios-web/gracias/DIR_WS_LINKes/blog/diseno-de-sitios-web-para-asociaciones-solidaristas/index.html]
[www.mischunches.com/es/diseno-sitios-web/gracias/DIR_WS_IMGcontent/asociaciones-solidaristas.html]
[www.mischunches.com/es/diseno-sitios-web/gracias/DIR_WS_LINKes/blog/diseno-de-sitios-web-para-pymes-en-costa-rica/index.html]
[www.mischunches.com/es/diseno-sitios-web/gracias/DIR_WS_IMGcontent/pyme.html]
[www.mischunches.com/en/professional-web-design/thankyou/DIR_WS_LINKes/blog/beneficios-de-un-sitio-web/index.html]
[www.mischunches.com/en/professional-web-design/thankyou/DIR_WS_IMGcontent/beneficios-sitio-web.html]
[www.mischunches.com/en/professional-web-design/thankyou/DIR_WS_LINKes/blog/consejos-de-como-elegir-el-dominio-para-una-pagina-web/index.html]
[www.mischunches.com/en/professional-web-design/thankyou/DIR_WS_IMGcontent/dominio.html]
[www.mischunches.com/en/professional-web-design/thankyou/DIR_WS_LINKes/blog/elementos-importantes-de-la-pagina-de-inicio-de-un-sitio-web/index.html]
[www.mischunches.com/en/professional-web-design/thankyou/DIR_WS_IMGcontent/pagina-inicio.html]
[www.mischunches.com/en/professional-web-design/thankyou/DIR_WS_LINKes/blog/diseno-de-sitios-web-para-abogados/index.html]
[www.mischunches.com/en/professional-web-design/thankyou/DIR_WS_IMGcontent/abogados.html]
[www.mischunches.com/en/professional-web-design/thankyou/DIR_WS_LINKes/blog/diseno-de-sitios-web-para-asociaciones-solidaristas/index.html]
[www.mischunches.com/en/professional-web-design/thankyou/DIR_WS_IMGcontent/asociaciones-solidaristas.html]
[www.mischunches.com/en/professional-web-design/thankyou/DIR_WS_LINKes/blog/diseno-de-sitios-web-para-pymes-en-costa-rica/index.html]
[www.mischunches.com/en/professional-web-design/thankyou/DIR_WS_IMGcontent/pyme.html]
