[www.skycamintl.com/index.html]
[www.skycamintl.com/wp-content/uploads/2017/10/favicon-1.png]
[www.skycamintl.com/wp-content/uploads/2017/10/skycam.png]
[backblue.gif]
[fade.gif]
[index.html]
[www.skycamintl.com/wp-content/plugins/woocommerce/assets/css/woocommerce-layout1aae.css]
[www.skycamintl.com/wp-content/plugins/woocommerce/assets/css/woocommerce1aae.css]
[www.skycamintl.com/feed/index.html]
[www.skycamintl.com/wp-content/themes/brick/assets/css/animateaead.css]
[www.skycamintl.com/wp-content/plugins/js_composer/assets/lib/bower/font-awesome/css/font-awesome.min5fba.css]
[www.skycamintl.com/wp-content/themes/brick/assets/lib/slick-master/slick/slickaead.css]
[www.skycamintl.com/wp-content/themes/brick/assets/lib/normalizeaead.css]
[www.skycamintl.com/comments/feed/index.html]
[www.skycamintl.com/wp-content/themes/brick/assets/lib/lightGallery/dist/css/lightgallery.minaead.css]
[www.skycamintl.com/wp-content/themes/brick/assets/lib/uikit/css/uikit.minaead.css]
[www.skycamintl.com/wp-content/themes/brick/assets/lib/uikit/css/components/sticky.minaead.css]
[www.skycamintl.com/wp-content/themes/brick/assets/lib/uikit/css/components/slidenav.minaead.css]
[www.skycamintl.com/wp-content/themes/brick/assets/lib/uikit/css/components/slideshow.minaead.css]
[www.skycamintl.com/wp-content/themes/brick/assets/lib/uikit/css/components/dotnav.minaead.css]
[www.skycamintl.com/wp-content/themes/brick/assets/lib/uikit/css/components/slider.minaead.css]
[www.skycamintl.com/wp-content/themes/brick/assets/lib/fotorama-4.6.4/fotoramaaead.css]
[www.skycamintl.com/wp-content/themes/brick/assets/css/brick-coreaead.css]
[www.skycamintl.com/wp-content/themes/brick/assets/css/mainaead.css]
[www.skycamintl.com/wp-content/uploads/smile_fonts/Defaults/Defaultsaead.css]
[www.skycamintl.com/wp-content/plugins/js_composer/assets/css/js_composer.min5fba.css]
[www.skycamintl.com/wp-content/plugins/Ultimate_VC_Addons/assets/min-css/style.minf28f.css]
[www.skycamintl.com/wp-content/plugins/Ultimate_VC_Addons/assets/min-css/animate.minf28f.css]
[www.skycamintl.com/wp-content/plugins/Ultimate_VC_Addons/assets/min-css/flip-box.minf28f.css]
[www.skycamintl.com/wp-content/plugins/Ultimate_VC_Addons/assets/min-css/info-box.minf28f.css]
[www.skycamintl.com/wp-content/plugins/Ultimate_VC_Addons/assets/min-css/stats-counter.minf28f.css]
[www.skycamintl.com/wp-content/plugins/jetpack/css/jetpackd4d0.css]
[www.skycamintl.com/wp-includes/js/jquery/jqueryb8ff.js]
[www.skycamintl.com/wp-includes/js/jquery/jquery-migrate.min330a.js]
[www.skycamintl.com/wp-content/plugins/Ultimate_VC_Addons/assets/min-js/headings.minf28f.js]
[www.skycamintl.com/wp-content/plugins/revslider/public/assets/js/jquery.themepunch.revolution.min78d9.js]
[www.skycamintl.com/wp-content/plugins/revslider/public/assets/js/jquery.themepunch.tools.min78d9.js]
[www.skycamintl.com/wp-content/plugins/woocommerce/assets/js/jquery-blockui/jquery.blockUI.min44fd.js]
[www.skycamintl.com/wp-content/plugins/woocommerce/assets/js/frontend/add-to-cart.min1aae.js]
[www.skycamintl.com/wp-content/plugins/js_composer/assets/js/vendors/woocommerce-add-to-cart5fba.js]
[www.skycamintl.com/wp-content/themes/brick/assets/lib/hoverdir/modernizr.custom.97074aead.js]
[www.skycamintl.com/wp-content/plugins/Ultimate_VC_Addons/assets/min-js/ultimate-params.minf28f.js]
[www.skycamintl.com/wp-content/plugins/Ultimate_VC_Addons/assets/min-js/jquery-appear.minf28f.js]
[www.skycamintl.com/wp-content/plugins/Ultimate_VC_Addons/assets/min-js/custom.minf28f.js]
[www.skycamintl.com/wp-content/plugins/Ultimate_VC_Addons/assets/min-js/countUp.minf28f.js]
[www.skycamintl.com/xmlrpc0db0.php]
[www.skycamintl.com/wp-json/index.html]
[www.skycamintl.com/wp-includes/wlwmanifest.xml]
[www.skycamintl.com/wp-json/oembed/1.0/embed39bb.json]
[www.skycamintl.com/wp-json/oembed/1.0/embedb6ad]
[www.skycamintl.com/wp-content/plugins/qtc-brick/qtc-options/options/images/bg_title_bar.jpg]
[stats.wp.com/s-201902.js]
[www.skycamintl.com/wp-content/uploads/2017/10/footerimage.png]
[i2.wp.com/www.skycamintl.com/wp-content/uploads/2017/10/finalhero-2e91d.jpg]
[www.skycamintl.com/jobs/index.html]
[www.skycamintl.com/locations/index.html]
[www.skycamintl.com/about-us/index.html]
[www.skycamintl.com/partnership/index.html]
[i0.wp.com/www.skycamintl.com/wp-content/uploads/2017/08/planningd186.jpg]
[www.skycamintl.com/products/index.html]
[i0.wp.com/www.skycamintl.com/wp-content/uploads/2017/08/teamworkd186.jpg]
[www.skycamintl.com/contact/index.html]
[i0.wp.com/www.skycamintl.com/wp-content/uploads/2017/08/writed186.jpg]
[i2.wp.com/www.skycamintl.com/wp-content/uploads/2017/08/computericon5e2a.png]
[i2.wp.com/www.skycamintl.com/wp-content/uploads/2017/08/serericon5e2a.png]
[i1.wp.com/www.skycamintl.com/wp-content/uploads/2017/08/cameraicon5e2a.png]
[i0.wp.com/www.skycamintl.com/wp-content/uploads/2017/08/networkicon5e2a.png]
[i2.wp.com/www.skycamintl.com/wp-content/uploads/2017/10/footerlogo05c9.png]
[www.skycamintl.com/wp-content/plugins/jetpack/_inc/build/photon/photon.minb3d9.js]
[s0.wp.com/wp-content/js/devicepx-jetpack2acb.js]
[www.skycamintl.com/wp-content/plugins/woocommerce/assets/js/js-cookie/js.cookie.min6b25.js]
[www.skycamintl.com/wp-content/plugins/woocommerce/assets/js/frontend/cart-fragments.min1aae.js]
[www.skycamintl.com/wp-includes/js/comment-reply.minaead.js]
[www.skycamintl.com/wp-content/themes/brick/assets/js/smoothscrollaead.js]
[www.skycamintl.com/wp-content/themes/brick/assets/lib/hoverdir/jquery.hoverdiraead.js]
[www.skycamintl.com/wp-content/themes/brick/assets/js/ultimate.minaead.js]
[www.skycamintl.com/wp-content/themes/brick/assets/lib/jquery-waypoints/2.0.3/waypoints.minaead.js]
[www.skycamintl.com/wp-content/themes/brick/assets/lib/particles/particles.minaead.js]
[www.skycamintl.com/wp-content/themes/brick/assets/lib/lightGallery/dist/js/lightgallery-all.minaead.js]
[www.skycamintl.com/wp-content/themes/brick/assets/lib/lightGallery/dist/js/jquery.mousewheel.minaead.js]
[www.skycamintl.com/wp-content/themes/brick/assets/js/isotope.pkgd.minaead.js]
[www.skycamintl.com/wp-content/themes/brick/assets/js/ajax_load_portfolioaead.js]
[www.skycamintl.com/wp-content/themes/brick/assets/lib/uikit/js/uikit.minaead.js]
[www.skycamintl.com/wp-content/themes/brick/assets/lib/uikit/js/components/grid.minaead.js]
[www.skycamintl.com/wp-content/themes/brick/assets/lib/uikit/js/components/slider.minaead.js]
[www.skycamintl.com/wp-content/themes/brick/assets/lib/uikit/js/components/slideshow.minaead.js]
[www.skycamintl.com/wp-content/themes/brick/assets/lib/uikit/js/components/slideset.minaead.js]
[www.skycamintl.com/wp-content/themes/brick/assets/lib/uikit/js/components/lightbox.minaead.js]
[www.skycamintl.com/wp-content/themes/brick/assets/lib/uikit/js/components/sticky.minaead.js]
[www.skycamintl.com/wp-content/themes/brick/assets/lib/slick-master/slick/slick.minaead.js]
[www.skycamintl.com/wp-content/themes/brick/assets/lib/fotorama-4.6.4/fotoramaaead.js]
[www.skycamintl.com/wp-content/themes/brick/assets/lib/loading/modernizr.minaead.js]
[www.skycamintl.com/wp-content/themes/brick/assets/js/main.minaead.js]
[www.skycamintl.com/wp-content/themes/brick/assets/js/woocommerceaead.js]
[www.skycamintl.com/wp-content/plugins/Ultimate_VC_Addons/assets/min-js/flip-box.minf28f.js]
[www.skycamintl.com/wp-includes/js/wp-embed.minaead.js]
[www.skycamintl.com/wp-content/plugins/js_composer/assets/js/dist/js_composer_front.min5fba.js]
[www.skycamintl.com/index.html]
[www.skycamintl.com/wp-includes/css/dist/block-library/style.minaead.css]
[www.skycamintl.com/wp-content/plugins/jetpack/modules/shortcodes/css/jetpack-email-subscribe5152.css]
[www.skycamintl.com/wp-content/plugins/email-subscribers/widget/es-widgetaead.css]
[www.skycamintl.com/wp-content/plugins/Ultimate_VC_Addons/assets/min-css/headings.minf28f.css]
[stats.wp.com/e-201902.js]
[www.skycamintl.com/wp-content/plugins/revslider/public/assets/fonts/revicons/revicons90c6.eot]
[www.skycamintl.com/wp-content/plugins/revslider/public/assets/fonts/revicons/revicons90c6.woff]
[www.skycamintl.com/wp-content/plugins/revslider/public/assets/fonts/revicons/revicons90c6.ttf]
[www.skycamintl.com/wp-content/plugins/revslider/public/assets/css/openhand.cur]
[www.skycamintl.com/wp-content/plugins/revslider/public/assets/css/closedhand.cur]
[www.skycamintl.com/wp-content/plugins/revslider/public/assets/assets/gridtile.png]
[www.skycamintl.com/wp-content/plugins/revslider/public/assets/assets/gridtile_white.png]
[www.skycamintl.com/wp-content/plugins/revslider/public/assets/assets/gridtile_3x3.png]
[www.skycamintl.com/wp-content/plugins/revslider/public/assets/assets/gridtile_3x3_white.png]
[www.skycamintl.com/wp-content/plugins/revslider/public/assets/assets/coloredbg.png]
[www.skycamintl.com/wp-content/plugins/revslider/public/assets/assets/loader.gif]
[www.skycamintl.com/wp-content/plugins/revslider/public/assets/css/settings78d9.css]
[www.skycamintl.com/wp-content/plugins/woocommerce/assets/css/woocommerce-layout1aae.css]
[www.skycamintl.com/wp-content/plugins/woocommerce/assets/css/woocommerce-smallscreen1aae.css]
[www.skycamintl.com/wp-content/plugins/woocommerce/assets/fonts/star.eot]
[www.skycamintl.com/wp-content/plugins/woocommerce/assets/fonts/stard41d.eot]
[www.skycamintl.com/wp-content/plugins/woocommerce/assets/fonts/star.woff]
[www.skycamintl.com/wp-content/plugins/woocommerce/assets/fonts/star.ttf]
[www.skycamintl.com/wp-content/plugins/woocommerce/assets/fonts/WooCommerce.eot]
[www.skycamintl.com/wp-content/plugins/woocommerce/assets/fonts/WooCommerced41d.eot]
[www.skycamintl.com/wp-content/plugins/woocommerce/assets/fonts/WooCommerce.woff]
[www.skycamintl.com/wp-content/plugins/woocommerce/assets/fonts/WooCommerce.ttf]
[www.skycamintl.com/wp-content/plugins/woocommerce/assets/css/woocommerce1aae.css]
[www.skycamintl.com/wp-content/themes/brick/assets/css/animateaead.css]
[www.skycamintl.com/wp-content/plugins/js_composer/assets/lib/bower/font-awesome/fonts/fontawesome-webfont5b62.eot]
[www.skycamintl.com/wp-content/plugins/js_composer/assets/lib/bower/font-awesome/fonts/fontawesome-webfontd41d.eot]
[www.skycamintl.com/wp-content/plugins/js_composer/assets/lib/bower/font-awesome/fonts/fontawesome-webfont5b62.woff2]
[www.skycamintl.com/wp-content/plugins/js_composer/assets/lib/bower/font-awesome/fonts/fontawesome-webfont5b62.woff]
[www.skycamintl.com/wp-content/plugins/js_composer/assets/lib/bower/font-awesome/fonts/fontawesome-webfont5b62.ttf]
[www.skycamintl.com/wp-content/plugins/js_composer/assets/lib/bower/font-awesome/css/font-awesome.min5fba.css]
[www.skycamintl.com/wp-content/themes/brick/assets/lib/slick-master/slick/slickaead.css]
[www.skycamintl.com/wp-content/themes/brick/assets/lib/normalizeaead.css]
[www.skycamintl.com/wp-content/themes/brick/assets/lib/lightGallery/dist/fonts/lgd641.eot]
[www.skycamintl.com/wp-content/themes/brick/assets/lib/lightGallery/dist/fonts/lgd41d.eot]
[www.skycamintl.com/wp-content/themes/brick/assets/lib/lightGallery/dist/fonts/lgd641.woff]
[www.skycamintl.com/wp-content/themes/brick/assets/lib/lightGallery/dist/fonts/lgd641.ttf]
[www.skycamintl.com/wp-content/themes/brick/assets/lib/lightGallery/dist/img/vimeo-play.png]
[www.skycamintl.com/wp-content/themes/brick/assets/lib/lightGallery/dist/img/video-play.png]
[www.skycamintl.com/wp-content/themes/brick/assets/lib/lightGallery/dist/img/youtube-play.png]
[www.skycamintl.com/wp-content/themes/brick/assets/lib/lightGallery/dist/img/loading.gif]
[www.skycamintl.com/wp-content/themes/brick/assets/lib/lightGallery/dist/css/lightgallery.minaead.css]
[www.skycamintl.com/wp-content/themes/brick/assets/lib/uikit/fonts/fontawesome-webfont.woff2]
[www.skycamintl.com/wp-content/themes/brick/assets/lib/uikit/css/uikit.minaead.css]
[www.skycamintl.com/wp-content/themes/brick/assets/lib/uikit/css/components/sticky.minaead.css]
[www.skycamintl.com/wp-content/themes/brick/assets/lib/uikit/css/components/slidenav.minaead.css]
[www.skycamintl.com/wp-content/themes/brick/assets/lib/uikit/css/components/slideshow.minaead.css]
[www.skycamintl.com/wp-content/themes/brick/assets/lib/uikit/css/components/dotnav.minaead.css]
[www.skycamintl.com/wp-content/themes/brick/assets/lib/uikit/css/components/slider.minaead.css]
[www.skycamintl.com/wp-content/themes/brick/assets/lib/uikit/fonts/fontawesome-webfont.ttf]
[www.skycamintl.com/wp-content/themes/brick/assets/lib/uikit/fonts/fontawesome-webfont.woff]
[www.skycamintl.com/wp-content/themes/brick/assets/lib/fotorama-4.6.4/fotorama.png]
[www.skycamintl.com/wp-content/themes/brick/assets/lib/fotorama-4.6.4/fotorama@2x.png]
[www.skycamintl.com/wp-content/themes/brick/assets/lib/fotorama-4.6.4/fotoramaaead.css]
[www.skycamintl.com/wp-content/themes/brick/assets/css/brick-coreaead.css]
[www.skycamintl.com/wp-content/themes/brick/assets/images/background-header-v1.jpg]
[www.skycamintl.com/wp-content/themes/brick/assets/images/line.jpg]
[www.skycamintl.com/wp-content/themes/brick/assets/images/New.png]
[www.skycamintl.com/wp-content/themes/brick/assets/css/mainaead.css]
[www.skycamintl.com/wp-content/plugins/js_composer/assets/vc/alert.png]
[www.skycamintl.com/wp-content/plugins/js_composer/assets/vc/info.png]
[www.skycamintl.com/wp-content/plugins/js_composer/assets/vc/tick.png]
[www.skycamintl.com/wp-content/plugins/js_composer/assets/vc/exclamation.png]
[www.skycamintl.com/wp-content/plugins/js_composer/assets/images/icons/address-book.png]
[www.skycamintl.com/wp-content/plugins/js_composer/assets/images/icons/alarm-clock.png]
[www.skycamintl.com/wp-content/plugins/js_composer/assets/images/icons/anchor.png]
[www.skycamintl.com/wp-content/plugins/js_composer/assets/images/icons/application-image.png]
[www.skycamintl.com/wp-content/plugins/js_composer/assets/images/icons/arrow.png]
[www.skycamintl.com/wp-content/plugins/js_composer/assets/images/icons/asterisk.png]
[www.skycamintl.com/wp-content/plugins/js_composer/assets/images/icons/auction-hammer.png]
[www.skycamintl.com/wp-content/plugins/js_composer/assets/images/icons/balloon.png]
[www.skycamintl.com/wp-content/plugins/js_composer/assets/images/icons/balloon-buzz.png]
[www.skycamintl.com/wp-content/plugins/js_composer/assets/images/icons/balloon-facebook.png]
[www.skycamintl.com/wp-content/plugins/js_composer/assets/images/icons/balloon-twitter.png]
[www.skycamintl.com/wp-content/plugins/js_composer/assets/images/icons/battery-full.png]
[www.skycamintl.com/wp-content/plugins/js_composer/assets/images/icons/binocular.png]
[www.skycamintl.com/wp-content/plugins/js_composer/assets/images/icons/blue-document-excel.png]
[www.skycamintl.com/wp-content/plugins/js_composer/assets/images/icons/blue-document-image.png]
[www.skycamintl.com/wp-content/plugins/js_composer/assets/images/icons/blue-document-music.png]
[www.skycamintl.com/wp-content/plugins/js_composer/assets/images/icons/blue-document-office.png]
[www.skycamintl.com/wp-content/plugins/js_composer/assets/images/icons/blue-document-pdf.png]
[www.skycamintl.com/wp-content/plugins/js_composer/assets/images/icons/blue-document-powerpoint.png]
[www.skycamintl.com/wp-content/plugins/js_composer/assets/images/icons/blue-document-word.png]
[www.skycamintl.com/wp-content/plugins/js_composer/assets/images/icons/bookmark.png]
[www.skycamintl.com/wp-content/plugins/js_composer/assets/images/icons/camcorder.png]
[www.skycamintl.com/wp-content/plugins/js_composer/assets/images/icons/camera.png]
[www.skycamintl.com/wp-content/plugins/js_composer/assets/images/icons/chart.png]
[www.skycamintl.com/wp-content/plugins/js_composer/assets/images/icons/chart-pie.png]
[www.skycamintl.com/wp-content/plugins/js_composer/assets/images/icons/clock.png]
[www.skycamintl.com/wp-content/plugins/js_composer/assets/images/icons/control.png]
[www.skycamintl.com/wp-content/plugins/js_composer/assets/images/icons/fire.png]
[www.skycamintl.com/wp-content/plugins/js_composer/assets/images/icons/heart.png]
[www.skycamintl.com/wp-content/plugins/js_composer/assets/images/icons/mail.png]
[www.skycamintl.com/wp-content/plugins/js_composer/assets/images/icons/plus-shield.png]
[www.skycamintl.com/wp-content/plugins/js_composer/assets/images/icons/video.png]
[www.skycamintl.com/wp-content/plugins/js_composer/assets/fonts/vc_icons/fonts/VC-Icons8309.ttf]
[www.skycamintl.com/wp-content/plugins/js_composer/assets/fonts/vc_icons/fonts/VC-Icons8309.woff]
[www.skycamintl.com/wp-content/plugins/js_composer/assets/images/toggle_open.png]
[www.skycamintl.com/wp-content/plugins/js_composer/assets/images/toggle_close.png]
[www.skycamintl.com/wp-content/plugins/js_composer/assets/images/flickr.png]
[www.skycamintl.com/wp-content/plugins/js_composer/assets/fonts/vc_grid/vc_grid_v157a1.eot]
[www.skycamintl.com/wp-content/plugins/js_composer/assets/fonts/vc_grid/vc_grid_v1d41d.eot]
[www.skycamintl.com/wp-content/plugins/js_composer/assets/fonts/vc_grid/vc_grid_v157a1.woff]
[www.skycamintl.com/wp-content/plugins/js_composer/assets/fonts/vc_grid/vc_grid_v157a1.ttf]
[www.skycamintl.com/wp-content/plugins/js_composer/assets/images/spinner.gif]
[www.skycamintl.com/wp-content/plugins/js_composer/assets/vc/remove.png]
[www.skycamintl.com/wp-content/plugins/js_composer/assets/css/js_composer.min5fba.css]
[www.skycamintl.com/wp-content/uploads/smile_fonts/Defaults/Defaults21ea.eot]
[www.skycamintl.com/wp-content/uploads/smile_fonts/Defaults/Defaultsd41d.eot]
[www.skycamintl.com/wp-content/uploads/smile_fonts/Defaults/Defaults21ea.woff]
[www.skycamintl.com/wp-content/uploads/smile_fonts/Defaults/Defaults21ea.ttf]
[www.skycamintl.com/wp-content/uploads/smile_fonts/Defaults/Defaultsaead.css]
[www.skycamintl.com/wp-content/plugins/Ultimate_VC_Addons/assets/min-css/style.minf28f.css]
[www.skycamintl.com/wp-content/plugins/Ultimate_VC_Addons/assets/min-css/animate.minf28f.css]
[www.skycamintl.com/wp-content/plugins/Ultimate_VC_Addons/assets/min-css/flip-box.minf28f.css]
[www.skycamintl.com/wp-content/plugins/Ultimate_VC_Addons/assets/min-css/info-box.minf28f.css]
[www.skycamintl.com/wp-content/plugins/Ultimate_VC_Addons/assets/min-css/stats-counter.minf28f.css]
[www.skycamintl.com/wp-content/plugins/jetpack/modules/carousel/images/arrows.png]
[www.skycamintl.com/wp-content/plugins/jetpack/modules/carousel/images/arrows-2x.png]
[www.skycamintl.com/wp-content/plugins/jetpack/modules/carousel/images/carousel-spritee4da.png]
[www.skycamintl.com/wp-content/plugins/jetpack/modules/carousel/images/carousel-sprite-2xe4da.png]
[www.skycamintl.com/wp-content/plugins/jetpack/modules/shortcodes/img/slideshow-controls.png]
[www.skycamintl.com/wp-content/plugins/jetpack/modules/shortcodes/img/slideshow-controls-2x.png]
[www.skycamintl.com/wp-content/plugins/jetpack/modules/shortcodes/images/slide-nav.png]
[www.skycamintl.com/wp-content/plugins/jetpack/modules/shortcodes/images/expand.png]
[www.skycamintl.com/wp-content/plugins/jetpack/modules/shortcodes/images/collapse.png]
[secure.gravatar.com/images/grav-share-sprite.png]
[www.skycamintl.com/wp-content/plugins/jetpack/css/jetpackd4d0.css]
[pixel.wp.com/td41d.gif]
[stats.wp.com/s-201902.js]
[www.skycamintl.com/wp-json/oembed/1.0/embed3e85]
[i2.wp.com/www.skycamintl.com/wp-content/uploads/2017/10/aboutus1e8ea.jpg]
[i1.wp.com/www.skycamintl.com/wp-content/uploads/2017/10/aboutus2e8ea.jpg]
[i2.wp.com/www.skycamintl.com/wp-content/uploads/2017/10/aboutus3e8ea.jpg]
[www.skycamintl.com/wp-content/plugins/Ultimate_VC_Addons/assets/min-css/background-style.minf28f.css]
[www.skycamintl.com/about-us/index.html]
[www.skycamintl.com/wp-content/plugins/Ultimate_VC_Addons/assets/min-js/ultimate_bg.minaead.js]
[www.skycamintl.com/wp-json/oembed/1.0/embed1527.json]
[www.skycamintl.com/wp-json/oembed/1.0/embed2e3a]
[i0.wp.com/www.skycamintl.com/wp-content/uploads/2017/10/skycamee8c.png]
[www.skycamintl.com/locations/index.html]
[www.skycamintl.com/wp-json/oembed/1.0/embede7bd.json]
[www.skycamintl.com/wp-json/oembed/1.0/embed3e48]
[i0.wp.com/www.skycamintl.com/wp-content/uploads/2017/10/skycam8c97.png]
[www.skycamintl.com/wp-includes/css/dashicons.minaead.css]
[www.skycamintl.com/wp-content/plugins/ninja-forms/assets/css/display-structureaead.css]
[www.skycamintl.com/wp-includes/js/underscore.min4511.js]
[www.skycamintl.com/wp-includes/js/backbone.min9632.js]
[www.skycamintl.com/wp-content/plugins/ninja-forms/assets/js/min/front-end-depsd878.js]
[www.skycamintl.com/jobs/index.html]
[www.skycamintl.com/wp-content/plugins/ninja-forms/assets/js/min/front-endd878.js]
[www.skycamintl.com/wp-json/oembed/1.0/embed0ec3.json]
[www.skycamintl.com/partnership/index.html]
[www.skycamintl.com/wp-json/oembed/1.0/embed1ef9]
[www.skycamintl.com/wp-json/oembed/1.0/embed4b02.json]
[www.skycamintl.com/products/index.html]
[www.skycamintl.com/wp-json/oembed/1.0/embedf2b9]
[www.skycamintl.com/wp-json/oembed/1.0/embedd325.json]
[www.skycamintl.com/contact/index.html]
[s0.wp.com/wp-content/js/devicepx-jetpack2acb.js]
[www.skycamintl.com/wp-json/oembed/1.0/embeda49d]
[www.skycamintl.com/wp-content/plugins/email-subscribers/widget/es-widget-pageaead.js]
[www.skycamintl.com/wp-content/plugins/woocommerce/assets/js/frontend/woocommerce.min1aae.js]
[www.skycamintl.com/g.ed.delayed]
[www.skycamintl.com/c.gif]
[www.skycamintl.com/t.gif]
[stats.wp.com/e-201902.js]
[www.skycamintl.com/wp-content/plugins/revslider/public/assets/fonts/revicons/revicons90c6.svg]
[www.skycamintl.com/wp-content/plugins/woocommerce/assets/fonts/star.svg]
[www.skycamintl.com/wp-content/plugins/woocommerce/assets/fonts/WooCommerce.svg]
[www.skycamintl.com/wp-content/plugins/woocommerce/assets/images/icons/loader.svg]
[www.skycamintl.com/wp-content/plugins/woocommerce/assets/images/icons/credit-cards/visa.svg]
[www.skycamintl.com/wp-content/plugins/woocommerce/assets/images/icons/credit-cards/mastercard.svg]
[www.skycamintl.com/wp-content/plugins/woocommerce/assets/images/icons/credit-cards/laser.svg]
[www.skycamintl.com/wp-content/plugins/woocommerce/assets/images/icons/credit-cards/diners.svg]
[www.skycamintl.com/wp-content/plugins/woocommerce/assets/images/icons/credit-cards/maestro.svg]
[www.skycamintl.com/wp-content/plugins/woocommerce/assets/images/icons/credit-cards/jcb.svg]
[www.skycamintl.com/wp-content/plugins/woocommerce/assets/images/icons/credit-cards/amex.svg]
[www.skycamintl.com/wp-content/plugins/woocommerce/assets/images/icons/credit-cards/discover.svg]
[www.skycamintl.com/wp-content/plugins/js_composer/assets/lib/bower/font-awesome/fonts/fontawesome-webfont5b62.svg]
[www.skycamintl.com/wp-content/themes/brick/assets/lib/lightGallery/dist/fonts/lgd641.svg]
[www.skycamintl.com/wp-content/plugins/js_composer/assets/fonts/vc_icons/fonts/VC-Icons8309.svg]
[www.skycamintl.com/wp-content/plugins/js_composer/assets/fonts/vc_grid/vc_grid_v157a1.svg]
[www.skycamintl.com/wp-content/uploads/smile_fonts/Defaults/Defaults21ea.svg]
[www.skycamintl.com/wp-content/plugins/Ultimate_VC_Addons/assets/min-css/background-style.minf28f.css]
[www.skycamintl.com/wp-includes/css/dashicons.minaead.css]
[www.skycamintl.com/wp-content/plugins/ninja-forms/assets/img/help-info.png]
[www.skycamintl.com/wp-content/plugins/ninja-forms/assets/css/display-structureaead.css]
[www.skycamintl.com/g.html]
[www.skycamintl.com/c.html]
[www.skycamintl.com/t.html]
[www.skycamintl.com/wp-json/oembed/1.0/embed8ae7]
[www.skycamintl.com/wp-includes/fonts/dashicons.eot]
